<html>
<body>
<pre>
<h1>µVision Build Log</h1>
<h2>Project:</h2>
C:\Users\DELL\Documents\GitHub\Auto_BreakIn\led_main.uvproj
Project File Date:  12/14/2018

<h2>Output:</h2>
Clean started: Project: 'led_main'
   deleting intermediate output files for target 'Target 1'
Clean started: Project: 'led_main'
   deleting intermediate output files for target 'Target 1'
Build target 'Target 1'
assembling startup_LPC17xx.s...
compiling timer.c...
compiling main.c...
main.c(3): error:  #5: cannot open source input file "adc.h": No such file or directory
compiling adc.c...
Autosar\ADC\adc.h(4): error:  #5: cannot open source input file "Std_Types.h": No such file or directory
compiling candrv.c...
Autosar\CanDrv\candrv.h(4): error:  #5: cannot open source input file "Std_Types.h": No such file or directory
compiling canif.c...
Autosar\CanIf\canif.h(4): error:  #5: cannot open source input file "Std_Types.h": No such file or directory
compiling spi.c...
Autosar\SPI\spi.h(4): error:  #5: cannot open source input file "Std_Types.h": No such file or directory
Target not created
Clean started: Project: 'led_main'
   deleting intermediate output files for target 'Target 1'
Build target 'Target 1'
assembling startup_LPC17xx.s...
compiling timer.c...
compiling main.c...
main.c(3): error:  #5: cannot open source input file "adc.h": No such file or directory
compiling adc.c...
Autosar\ADC\adc.h(4): error:  #5: cannot open source input file "Std_Types.h": No such file or directory
compiling candrv.c...
Autosar\CanDrv\candrv.h(4): error:  #5: cannot open source input file "Std_Types.h": No such file or directory
compiling canif.c...
Autosar\CanIf\canif.h(4): error:  #5: cannot open source input file "Std_Types.h": No such file or directory
compiling spi.c...
Autosar\SPI\spi.h(4): error:  #5: cannot open source input file "Std_Types.h": No such file or directory
Target not created
Clean started: Project: 'led_main'
   deleting intermediate output files for target 'Target 1'
Build target 'Target 1'
assembling startup_LPC17xx.s...
compiling timer.c...
compiling main.c...
compiling adc.c...
compiling candrv.c...
compiling canif.c...
compiling spi.c...
linking...
Program Size: Code=460 RO-data=308 RW-data=0 ZI-data=608  
FromELF: creating hex file...
"led_main.axf" - 0 Error(s), 0 Warning(s).
Clean started: Project: 'led_main'
   deleting intermediate output files for target 'Target 1'
Build target 'Target 1'
assembling startup_LPC17xx.s...
compiling timer.c...
compiling main.c...
compiling adc.c...
compiling candrv.c...
compiling canif.c...
compiling spi.c...
linking...
Program Size: Code=460 RO-data=308 RW-data=0 ZI-data=608  
FromELF: creating hex file...
"led_main.axf" - 0 Error(s), 0 Warning(s).
